Microchip MPLAB XC8 Compiler V2.30

Linker command line:

-W-3 --edf=C:\Program Files\Microchip\xc8\v2.30\pic\dat\en_msgs.txt -cn \
  -h+dist/default/production\Projeto.X.production.sym \
  --cmf=dist/default/production\Projeto.X.production.cmf -z -Q18F4520 \
  -oC:\Users\Renato\AppData\Local\Temp\sj9ox2 --defsym=__MPLAB_BUILD=1 \
  -Mdist/default/production/Projeto.X.production.map -E1 -ver=XC8 Compiler \
  --acfsm=1493 -ASTACK=0138h-05FFh -pstack=STACK -ACODE=00h-07FFFh \
  -ACONST=00h-07FFFh -ASMALLCONST=0600h-06FFhx122 \
  -AMEDIUMCONST=0600h-07FFFh -ACOMRAM=01h-07Fh -AABS1=00h-05FFh \
  -ABIGRAM=01h-05FFh -ARAM=080h-0FFh,0100h-01FFhx5 -ABANK0=080h-0FFh \
  -ABANK1=0100h-01FFh -ABANK2=0200h-02FFh -ABANK3=0300h-03FFh \
  -ABANK4=0400h-04FFh -ABANK5=0500h-05FFh -ASFR=0F80h-0FFFh \
  -ACONFIG=0300000h-030000Dh -AIDLOC=0200000h-0200007h \
  -AEEDATA=0F00000h-0F000FFh -peeprom_data=EEDATA \
  -preset_vec=00h,intcode,intcodelo,powerup,init -pramtop=0600h \
  -psmallconst=SMALLCONST -pmediumconst=MEDIUMCONST -pconst=CONST \
  -AFARRAM=00h-00h \
  -prdata=COMRAM,nvrram=COMRAM,nvbit=COMRAM,rbss=COMRAM,rbit=COMRAM \
  -pfarbss=FARRAM,fardata=FARRAM,nvFARRAM=FARRAM \
  -pintsave_regs=BIGRAM,bigbss=BIGRAM,bigdata=BIGRAM -pbss=RAM \
  -pidata=CODE,irdata=CODE,ibigdata=CODE,ifardata=CODE -prparam=COMRAM \
  C:\Users\Renato\AppData\Local\Temp\sj9ox8.o \
  dist/default/production\Projeto.X.production.o 

Object code version is 3.11

Machine type is 18F4520



                Name                               Link     Load   Length Selector   Space Scale
C:\Users\Renato\AppData\Local\Temp\sj9ox8.o
                idloc                            200000   200000        8        0       5
                config                           300000   300000        E        0       4
                init                                  0        0        4        0       0
dist/default/production\Projeto.X.production.o
                idloc                            200000   200000        8        0       5
                config                           300000   300000        E        0       4
                mediumconst                        7E94     7E94      16C     3F4A       0
                text39                             66B0     66B0       C4     3358       0
                text38                             6600     6600       B0     3300       0
                text37                             61DC     61DC       64     30EE       0
                text36                             5E48     5E48        8     2F24       0
                text35                             5F34     5F34       2A     2F9A       0
                text34                             5F5E     5F5E       2A     2FAF       0
                text33                             6396     6396       78     31CB       0
                text32                             691E     691E       E4     348F       0
                text31                             5EE8     5EE8       26     2F74       0
                text30                             640E     640E       78     3207       0
                text29                             6774     6774       D2     33BA       0
                text28                             6D48     6D48      17A     36A4       0
                text27                             5E58     5E58        A     2F2C       0
                text26                             5E62     5E62        A     2F31       0
                text25                             60C4     60C4       5C     3062       0
                text24                             6A02     6A02       EA     3501       0
                text23                             6320     6320       76     3190       0
                text22                             6AEC     6AEC      10C     3576       0
                text21                             5F0E     5F0E       26     2F87       0
                text20                             5EB2     5EB2       14     2F59       0
                text19                             62AC     62AC       74     3156       0
                text18                             6240     6240       6C     3120       0
                text17                             5E76     5E76        C     2F3B       0
                text16                             5E6C     5E6C        A     2F36       0
                text15                             617C     617C       60     30BE       0
                text14                             657E     657E       82     32BF       0
                text13                             5E82     5E82       10     2F41       0
                text12                             5E92     5E92       10     2F49       0
                text11                             6120     6120       5C     3090       0
                text10                             6846     6846       D8     3423       0
                text9                              606C     606C       58     3036       0
                text8                              6EC2     6EC2      24E     3761       0
                text7                              5FC0     5FC0       56     2FE0       0
                text6                              7110     7110      24E     3888       0
                text5                              6BF8     6BF8      150     35FC       0
                text4                              5E50     5E50        8     2F28       0
                text3                              5EC6     5EC6       22     2F63       0
                text2                              5EA2     5EA2       10     2F51       0
                text1                              6486     6486       78     3243       0
                text0                              735E     735E      B36     39AF       0
                cstackCOMRAM                          1        1       5C        1       1
                dataBANK1                           100      100       38      100       1
                dataBANK0                            80       80       80       80       1
                bssCOMRAM                            5D       5D       20        1       1
                cinit                              6016     6016       56     300B       0
                idataBANK1                         5F88     5F88       38     5F88       0
                idataBANK0                         64FE     64FE       80     64FE       0

TOTAL           Name                               Link     Load   Length     Space
        CLASS   STACK          

        CLASS   CODE           
                init                                  0        0        4         0
                text39                             66B0     66B0       C4         0
                text38                             6600     6600       B0         0
                text37                             61DC     61DC       64         0
                text36                             5E48     5E48        8         0
                text35                             5F34     5F34       2A         0
                text34                             5F5E     5F5E       2A         0
                text33                             6396     6396       78         0
                text32                             691E     691E       E4         0
                text31                             5EE8     5EE8       26         0
                text30                             640E     640E       78         0
                text29                             6774     6774       D2         0
                text28                             6D48     6D48      17A         0
                text27                             5E58     5E58        A         0
                text26                             5E62     5E62        A         0
                text25                             60C4     60C4       5C         0
                text24                             6A02     6A02       EA         0
                text23                             6320     6320       76         0
                text22                             6AEC     6AEC      10C         0
                text21                             5F0E     5F0E       26         0
                text20                             5EB2     5EB2       14         0
                text19                             62AC     62AC       74         0
                text18                             6240     6240       6C         0
                text17                             5E76     5E76        C         0
                text16                             5E6C     5E6C        A         0
                text15                             617C     617C       60         0
                text14                             657E     657E       82         0
                text13                             5E82     5E82       10         0
                text12                             5E92     5E92       10         0
                text11                             6120     6120       5C         0
                text10                             6846     6846       D8         0
                text9                              606C     606C       58         0
                text8                              6EC2     6EC2      24E         0
                text7                              5FC0     5FC0       56         0
                text6                              7110     7110      24E         0
                text5                              6BF8     6BF8      150         0
                text4                              5E50     5E50        8         0
                text3                              5EC6     5EC6       22         0
                text2                              5EA2     5EA2       10         0
                text1                              6486     6486       78         0
                text0                              735E     735E      B36         0
                cinit                              6016     6016       56         0
                idataBANK1                         5F88     5F88       38         0
                idataBANK0                         64FE     64FE       80         0

        CLASS   CONST          

        CLASS   SMALLCONST     

        CLASS   MEDIUMCONST    
                mediumconst                        7E94     7E94      16C         0

        CLASS   COMRAM         
                cstackCOMRAM                          1        1       5C         1
                bssCOMRAM                            5D       5D       20         1

        CLASS   ABS1           

        CLASS   BIGRAM         

        CLASS   RAM            

        CLASS   BANK0          
                dataBANK0                            80       80       80         1

        CLASS   BANK1          
                dataBANK1                           100      100       38         1

        CLASS   BANK2          

        CLASS   BANK3          

        CLASS   BANK4          

        CLASS   BANK5          

        CLASS   SFR            

        CLASS   CONFIG         
                config                           300000   300000        E         4

        CLASS   IDLOC          
                idloc                            200000   200000        8         5

        CLASS   EEDATA         

        CLASS   FARRAM         



SEGMENTS        Name                           Load    Length   Top    Selector   Space  Class

                reset_vec                      000000  000004  000004         0       0  CODE    
                cstackCOMRAM                   000001  00007C  00007D         1       1  COMRAM  
                dataBANK0                      000080  000080  000100        80       1  BANK0   
                dataBANK1                      000100  000038  000138       100       1  BANK1   
                text36                         005E48  000008  005E50      2F24       0  CODE    
                text4                          005E50  000008  005E58      2F28       0  CODE    
                text27                         005E58  00000A  005E62      2F2C       0  CODE    
                text26                         005E62  00000A  005E6C      2F31       0  CODE    
                text16                         005E6C  00000A  005E76      2F36       0  CODE    
                text17                         005E76  00000C  005E82      2F3B       0  CODE    
                text13                         005E82  000010  005E92      2F41       0  CODE    
                text12                         005E92  000010  005EA2      2F49       0  CODE    
                text2                          005EA2  000010  005EB2      2F51       0  CODE    
                text20                         005EB2  000014  005EC6      2F59       0  CODE    
                text3                          005EC6  000022  005EE8      2F63       0  CODE    
                text31                         005EE8  000026  005F0E      2F74       0  CODE    
                text21                         005F0E  000026  005F34      2F87       0  CODE    
                text35                         005F34  00002A  005F5E      2F9A       0  CODE    
                text34                         005F5E  00002A  005F88      2FAF       0  CODE    
                idataBANK1                     005F88  000038  005FC0      5F88       0  CODE    
                text7                          005FC0  000056  006016      2FE0       0  CODE    
                cinit                          006016  000056  00606C      300B       0  CODE    
                text9                          00606C  000058  0060C4      3036       0  CODE    
                text25                         0060C4  00005C  006120      3062       0  CODE    
                text11                         006120  00005C  00617C      3090       0  CODE    
                text15                         00617C  000060  0061DC      30BE       0  CODE    
                text37                         0061DC  000064  006240      30EE       0  CODE    
                text18                         006240  00006C  0062AC      3120       0  CODE    
                text19                         0062AC  000074  006320      3156       0  CODE    
                text23                         006320  000076  006396      3190       0  CODE    
                text33                         006396  000078  00640E      31CB       0  CODE    
                text30                         00640E  000078  006486      3207       0  CODE    
                text1                          006486  000078  0064FE      3243       0  CODE    
                idataBANK0                     0064FE  000080  00657E      64FE       0  CODE    
                text14                         00657E  000082  006600      32BF       0  CODE    
                text38                         006600  0000B0  0066B0      3300       0  CODE    
                text39                         0066B0  0000C4  006774      3358       0  CODE    
                text29                         006774  0000D2  006846      33BA       0  CODE    
                text10                         006846  0000D8  00691E      3423       0  CODE    
                text32                         00691E  0000E4  006A02      348F       0  CODE    
                text24                         006A02  0000EA  006AEC      3501       0  CODE    
                text22                         006AEC  00010C  006BF8      3576       0  CODE    
                text5                          006BF8  000150  006D48      35FC       0  CODE    
                text28                         006D48  00017A  006EC2      36A4       0  CODE    
                text8                          006EC2  00024E  007110      3761       0  CODE    
                text6                          007110  00024E  00735E      3888       0  CODE    
                text0                          00735E  000B36  007E94      39AF       0  CODE    
                mediumconst                    007E94  00016C  008000      3F4A       0  MEDIUMCO


UNUSED ADDRESS RANGES

        Name                Unused          Largest block    Delta
        BANK1            000138-0001FF               C8
        BANK2            000200-0002FF              100
        BANK3            000300-0003FF              100
        BANK4            000400-0004FF              100
        BANK5            000500-0005FF              100
        BIGRAM           00007D-00007F                3
                         000138-0005FF              4C8
        CODE             000004-005E47             5E44
        COMRAM           00007D-00007F                3
        CONST            000004-005E47             5E44
        EEDATA           F00000-F000FF              100
        MEDIUMCONST      000600-005E47             5848
        RAM              000138-0005FF              100
        SFR              000F80-000FFF               80
        SMALLCONST       000600-005E47              100
        STACK            000138-0005FF              4C8

                                  Symbol Table

?___aldiv                   cstackCOMRAM 000001
?___awdiv                   cstackCOMRAM 000001
?___awmod                   cstackCOMRAM 000009
?___lwdiv                   cstackCOMRAM 000001
?___wmul                    cstackCOMRAM 000001
?_kpRead                    cstackCOMRAM 000001
_INTCON                     (abs)        000FF2
_PORTA                      (abs)        000F80
_PORTB                      (abs)        000F81
_PORTC                      (abs)        000F82
_PORTCbits                  (abs)        000F82
_PORTD                      (abs)        000F83
_PORTDbits                  (abs)        000F83
_PORTE                      (abs)        000F84
_PORTEbits                  (abs)        000F84
_T0CON                      (abs)        000FD5
_TMR0H                      (abs)        000FD7
_TMR0L                      (abs)        000FD6
_TRISA                      (abs)        000F92
_TRISB                      (abs)        000F93
_TRISC                      (abs)        000F94
_TRISCbits                  (abs)        000F94
_TRISD                      (abs)        000F95
_TRISE                      (abs)        000F96
_TRISEbits                  (abs)        000F96
__HRAM                      (abs)        000000
__Habs1                     abs1         000000
__Hbank0                    bank0        000000
__Hbank1                    bank1        000000
__Hbank2                    bank2        000000
__Hbank3                    bank3        000000
__Hbank4                    bank4        000000
__Hbank5                    bank5        000000
__Hbigbss                   bigbss       000000
__Hbigdata                  bigdata      000000
__Hbigram                   bigram       000000
__Hbss                      bss          000000
__HbssCOMRAM                bssCOMRAM    000000
__Hcinit                    cinit        000000
__Hclrtext                  clrtext      000000
__Hcomram                   comram       000000
__Hconfig                   config       30000E
__Hconst                    const        000000
__HcstackCOMRAM             cstackCOMRAM 000000
__Hdata                     data         000000
__HdataBANK0                dataBANK0    000000
__HdataBANK1                dataBANK1    000000
__Heeprom_data              eeprom_data  000000
__Hfarbss                   farbss       000000
__Hfardata                  fardata      000000
__Hibigdata                 ibigdata     000000
__Hidata                    idata        000000
__HidataBANK0               idataBANK0   000000
__HidataBANK1               idataBANK1   000000
__Hidloc                    idloc        200008
__Hifardata                 ifardata     000000
__Hinit                     init         000004
__Hintcode                  intcode      000000
__Hintcode_body             intcode_body 000000
__Hintcodelo                intcodelo    000000
__Hintentry                 intentry     000000
__Hintret                   intret       000000
__Hintsave_regs             intsave_regs 000000
__Hirdata                   irdata       000000
__Hmediumconst              mediumconst  008000
__HnvFARRAM                 nvFARRAM     000000
__Hnvbit                    nvbit        000000
__Hnvrram                   nvrram       000000
__Hparam                    rparam       000000
__Hpowerup                  powerup      000000
__Hram                      ram          000000
__Hramtop                   ramtop       000600
__Hrbit                     rbit         000000
__Hrbss                     rbss         000000
__Hrdata                    rdata        000000
__Hreset_vec                reset_vec    000000
__Hrparam                   rparam       000000
__Hsfr                      sfr          000000
__Hsmallconst               smallconst   000000
__Hspace_0                  (abs)        008000
__Hspace_1                  (abs)        000138
__Hspace_2                  (abs)        000000
__Hspace_4                  (abs)        60000E
__Hstack                    stack        000000
__Hstruct                   struct       000000
__Htemp                     temp         000000
__Htext                     text         000000
__Htext0                    text0        000000
__Htext1                    text1        000000
__Htext10                   text10       000000
__Htext11                   text11       000000
__Htext12                   text12       000000
__Htext13                   text13       000000
__Htext14                   text14       000000
__Htext15                   text15       000000
__Htext16                   text16       000000
__Htext17                   text17       000000
__Htext18                   text18       000000
__Htext19                   text19       000000
__Htext2                    text2        000000
__Htext20                   text20       000000
__Htext21                   text21       000000
__Htext22                   text22       000000
__Htext23                   text23       000000
__Htext24                   text24       000000
__Htext25                   text25       000000
__Htext26                   text26       000000
__Htext27                   text27       000000
__Htext28                   text28       000000
__Htext29                   text29       000000
__Htext3                    text3        000000
__Htext30                   text30       000000
__Htext31                   text31       000000
__Htext32                   text32       000000
__Htext33                   text33       000000
__Htext34                   text34       000000
__Htext35                   text35       000000
__Htext36                   text36       000000
__Htext37                   text37       000000
__Htext38                   text38       000000
__Htext39                   text39       000000
__Htext4                    text4        000000
__Htext5                    text5        000000
__Htext6                    text6        000000
__Htext7                    text7        000000
__Htext8                    text8        000000
__Htext9                    text9        000000
__LRAM                      (abs)        000001
__Labs1                     abs1         000000
__Lbank0                    bank0        000000
__Lbank1                    bank1        000000
__Lbank2                    bank2        000000
__Lbank3                    bank3        000000
__Lbank4                    bank4        000000
__Lbank5                    bank5        000000
__Lbigbss                   bigbss       000000
__Lbigdata                  bigdata      000000
__Lbigram                   bigram       000000
__Lbss                      bss          000000
__LbssCOMRAM                bssCOMRAM    000000
__Lcinit                    cinit        000000
__Lclrtext                  clrtext      000000
__Lcomram                   comram       000000
__Lconfig                   config       000000
__Lconst                    const        000000
__LcstackCOMRAM             cstackCOMRAM 000000
__Ldata                     data         000000
__LdataBANK0                dataBANK0    000000
__LdataBANK1                dataBANK1    000000
__Leeprom_data              eeprom_data  000000
__Lfarbss                   farbss       000000
__Lfardata                  fardata      000000
__Libigdata                 ibigdata     000000
__Lidata                    idata        000000
__LidataBANK0               idataBANK0   000000
__LidataBANK1               idataBANK1   000000
__Lidloc                    idloc        000000
__Lifardata                 ifardata     000000
__Linit                     init         000000
__Lintcode                  intcode      000000
__Lintcode_body             intcode_body 000000
__Lintcodelo                intcodelo    000000
__Lintentry                 intentry     000000
__Lintret                   intret       000000
__Lintsave_regs             intsave_regs 000000
__Lirdata                   irdata       000000
__Lmediumconst              mediumconst  007E94
__LnvFARRAM                 nvFARRAM     000000
__Lnvbit                    nvbit        000000
__Lnvrram                   nvrram       000000
__Lparam                    rparam       000000
__Lpowerup                  powerup      000000
__Lram                      ram          000000
__Lramtop                   ramtop       000600
__Lrbit                     rbit         000000
__Lrbss                     rbss         000000
__Lrdata                    rdata        000000
__Lreset_vec                reset_vec    000000
__Lrparam                   rparam       000000
__Lsfr                      sfr          000000
__Lsmallconst               smallconst   000000
__Lspace_0                  (abs)        000000
__Lspace_1                  (abs)        000000
__Lspace_2                  (abs)        000000
__Lspace_4                  (abs)        000000
__Lstack                    stack        000000
__Lstruct                   struct       000000
__Ltemp                     temp         000000
__Ltext                     text         000000
__Ltext0                    text0        000000
__Ltext1                    text1        000000
__Ltext10                   text10       000000
__Ltext11                   text11       000000
__Ltext12                   text12       000000
__Ltext13                   text13       000000
__Ltext14                   text14       000000
__Ltext15                   text15       000000
__Ltext16                   text16       000000
__Ltext17                   text17       000000
__Ltext18                   text18       000000
__Ltext19                   text19       000000
__Ltext2                    text2        000000
__Ltext20                   text20       000000
__Ltext21                   text21       000000
__Ltext22                   text22       000000
__Ltext23                   text23       000000
__Ltext24                   text24       000000
__Ltext25                   text25       000000
__Ltext26                   text26       000000
__Ltext27                   text27       000000
__Ltext28                   text28       000000
__Ltext29                   text29       000000
__Ltext3                    text3        000000
__Ltext30                   text30       000000
__Ltext31                   text31       000000
__Ltext32                   text32       000000
__Ltext33                   text33       000000
__Ltext34                   text34       000000
__Ltext35                   text35       000000
__Ltext36                   text36       000000
__Ltext37                   text37       000000
__Ltext38                   text38       000000
__Ltext39                   text39       000000
__Ltext4                    text4        000000
__Ltext5                    text5        000000
__Ltext6                    text6        000000
__Ltext7                    text7        000000
__Ltext8                    text8        000000
__Ltext9                    text9        000000
__S0                        (abs)        008000
__S1                        (abs)        000138
__S2                        (abs)        000000
__S4                        (abs)        000000
__S5                        (abs)        000000
___aldiv                    text22       006AEC
___aldiv@counter            cstackCOMRAM 000009
___aldiv@dividend           cstackCOMRAM 000001
___aldiv@divisor            cstackCOMRAM 000005
___aldiv@quotient           cstackCOMRAM 00000B
___aldiv@sign               cstackCOMRAM 00000A
___awdiv                    text39       0066B0
___awdiv@counter            cstackCOMRAM 000005
___awdiv@dividend           cstackCOMRAM 000001
___awdiv@divisor            cstackCOMRAM 000003
___awdiv@quotient           cstackCOMRAM 000007
___awdiv@sign               cstackCOMRAM 000006
___awmod                    text38       006600
___awmod@counter            cstackCOMRAM 00000D
___awmod@dividend           cstackCOMRAM 000009
___awmod@divisor            cstackCOMRAM 00000B
___awmod@sign               cstackCOMRAM 00000E
___inthi_sp                 stack        000000
___intlo_sp                 stack        000000
___lwdiv                    text19       0062AC
___lwdiv@counter            cstackCOMRAM 000007
___lwdiv@dividend           cstackCOMRAM 000001
___lwdiv@divisor            cstackCOMRAM 000003
___lwdiv@quotient           cstackCOMRAM 000005
___param_bank               (abs)        000000
___rparam_used              (abs)        000001
___sp                       stack        000000
___wmul                     text31       005EE8
___wmul@multiplicand        cstackCOMRAM 000003
___wmul@multiplier          cstackCOMRAM 000001
___wmul@product             cstackCOMRAM 000005
__accesstop                 (abs)        000080
__activetblptr              (abs)        000002
__end_of___aldiv            text22       006BF8
__end_of___awdiv            text39       006774
__end_of___awmod            text38       0066B0
__end_of___lwdiv            text19       006320
__end_of___wmul             text31       005F0E
__end_of__initialization    cinit        006062
__end_of_adidas_logo        text32       006A02
__end_of_atraso_ms          text37       006240
__end_of_atraso_s           text30       006486
__end_of_chevrolet          text29       006846
__end_of_delay              text15       0061DC
__end_of_digitalWrite       text6        00735E
__end_of_getd               text17       005E82
__end_of_getu               text16       005E76
__end_of_i2c_rb             text14       006600
__end_of_i2c_start          text13       005E92
__end_of_i2c_stop           text12       005EA2
__end_of_i2c_wb             text11       00617C
__end_of_kpDebounce         text28       006EC2
__end_of_kpInit             text27       005E62
__end_of_kpRead             text26       005E6C
__end_of_lcd_cmd            text35       005F5E
__end_of_lcd_dat            text34       005F88
__end_of_lcd_init           text25       006120
__end_of_lcd_str            text33       00640E
__end_of_lcd_wr             text36       005E50
__end_of_linha              mediumconst  007EA9
__end_of_main               text0        007E94
__end_of_nike_logo          text24       006AEC
__end_of_partida_andamento  text23       006396
__end_of_pinMode            text8        007110
__end_of_pwmFrequency       text21       005F34
__end_of_pwmInit            text20       005EC6
__end_of_pwmSet1            text18       0062AC
__end_of_rtc_r              text10       00691E
__end_of_ssdDigit           text9        0060C4
__end_of_ssdInit            text7        006016
__end_of_ssdUpdate          text5        006D48
__end_of_timerInit          text4        005E58
__end_of_timerReset         text3        005EE8
__end_of_timerWait          text2        005EB2
__end_of_unifeilogo         text1        0064FE
__end_of_valor@ssd$F413     mediumconst  007EA5
__initialization            cinit        006016
__mediumconst               mediumconst  007E94
__pbssCOMRAM                bssCOMRAM    00005D
__pcinit                    cinit        006016
__pcstackCOMRAM             cstackCOMRAM 000001
__pdataBANK0                dataBANK0    000080
__pdataBANK1                dataBANK1    000100
__pidataBANK0               idataBANK0   0064FE
__pidataBANK1               idataBANK1   005F88
__pmediumconst              mediumconst  007E94
__ptext0                    text0        00735E
__ptext1                    text1        006486
__ptext10                   text10       006846
__ptext11                   text11       006120
__ptext12                   text12       005E92
__ptext13                   text13       005E82
__ptext14                   text14       00657E
__ptext15                   text15       00617C
__ptext16                   text16       005E6C
__ptext17                   text17       005E76
__ptext18                   text18       006240
__ptext19                   text19       0062AC
__ptext2                    text2        005EA2
__ptext20                   text20       005EB2
__ptext21                   text21       005F0E
__ptext22                   text22       006AEC
__ptext23                   text23       006320
__ptext24                   text24       006A02
__ptext25                   text25       0060C4
__ptext26                   text26       005E62
__ptext27                   text27       005E58
__ptext28                   text28       006D48
__ptext29                   text29       006774
__ptext3                    text3        005EC6
__ptext30                   text30       00640E
__ptext31                   text31       005EE8
__ptext32                   text32       00691E
__ptext33                   text33       006396
__ptext34                   text34       005F5E
__ptext35                   text35       005F34
__ptext36                   text36       005E48
__ptext37                   text37       0061DC
__ptext38                   text38       006600
__ptext39                   text39       0066B0
__ptext4                    text4        005E50
__ptext5                    text5        006BF8
__ptext6                    text6        007110
__ptext7                    text7        005FC0
__ptext8                    text8        006EC2
__ptext9                    text9        00606C
__ramtop                    ramtop       000600
__size_of___aldiv           (abs)        000000
__size_of___awdiv           (abs)        000000
__size_of___awmod           (abs)        000000
__size_of___lwdiv           (abs)        000000
__size_of___wmul            (abs)        000000
__size_of_adidas_logo       (abs)        000000
__size_of_atraso_ms         (abs)        000000
__size_of_atraso_s          (abs)        000000
__size_of_chevrolet         (abs)        000000
__size_of_delay             (abs)        000000
__size_of_digitalWrite      (abs)        000000
__size_of_getd              (abs)        000000
__size_of_getu              (abs)        000000
__size_of_i2c_rb            (abs)        000000
__size_of_i2c_start         (abs)        000000
__size_of_i2c_stop          (abs)        000000
__size_of_i2c_wb            (abs)        000000
__size_of_kpDebounce        (abs)        000000
__size_of_kpInit            (abs)        000000
__size_of_kpRead            (abs)        000000
__size_of_lcd_cmd           (abs)        000000
__size_of_lcd_dat           (abs)        000000
__size_of_lcd_init          (abs)        000000
__size_of_lcd_str           (abs)        000000
__size_of_lcd_wr            (abs)        000000
__size_of_main              (abs)        000000
__size_of_nike_logo         (abs)        000000
__size_of_partida_andamento (abs)        000000
__size_of_pinMode           (abs)        000000
__size_of_pwmFrequency      (abs)        000000
__size_of_pwmInit           (abs)        000000
__size_of_pwmSet1           (abs)        000000
__size_of_rtc_r             (abs)        000000
__size_of_ssdDigit          (abs)        000000
__size_of_ssdInit           (abs)        000000
__size_of_ssdUpdate         (abs)        000000
__size_of_timerInit         (abs)        000000
__size_of_timerReset        (abs)        000000
__size_of_timerWait         (abs)        000000
__size_of_unifeilogo        (abs)        000000
__smallconst                smallconst   000000
_adidas_logo                text32       00691E
_atraso_ms                  text37       0061DC
_atraso_s                   text30       00640E
_chevrolet                  text29       006774
_date                       bssCOMRAM    000073
_delay                      text15       00617C
_digitalWrite               text6        007110
_display                    bssCOMRAM    000071
_getd                       text17       005E76
_getu                       text16       005E6C
_i2c_rb                     text14       00657E
_i2c_start                  text13       005E82
_i2c_stop                   text12       005E92
_i2c_wb                     text11       006120
_kpDebounce                 text28       006D48
_kpInit                     text27       005E58
_kpRead                     text26       005E62
_lcd_cmd                    text35       005F34
_lcd_dat                    text34       005F5E
_lcd_init                   text25       0060C4
_lcd_str                    text33       006396
_lcd_wr                     text36       005E48
_linha                      mediumconst  007EA5
_main                       text0        00735E
_nike_logo                  text24       006A02
_partida_andamento          text23       006320
_pinMode                    text8        006EC2
_pwmFrequency               text21       005F0E
_pwmInit                    text20       005EB2
_pwmSet1                    text18       006240
_rtc_r                      text10       006846
_ssdDigit                   text9        00606C
_ssdInit                    text7        005FC0
_ssdUpdate                  text5        006BF8
_time                       bssCOMRAM    00005D
_timerInit                  text4        005E50
_timerReset                 text3        005EC6
_timerWait                  text2        005EA2
_unifeilogo                 text1        006486
_v0                         bssCOMRAM    000070
_v1                         bssCOMRAM    00006F
_v2                         bssCOMRAM    00006E
_v3                         bssCOMRAM    00006D
_valor                      bssCOMRAM    00006B
_valor@ssd$F413             mediumconst  007E95
adidas_logo@F2458           dataBANK0    000080
adidas_logo@adidas          cstackCOMRAM 00000D
adidas_logo@i               cstackCOMRAM 00003E
adidas_logo@j               cstackCOMRAM 00003D
atraso_ms@i                 cstackCOMRAM 000003
atraso_ms@j                 cstackCOMRAM 000005
atraso_ms@k                 cstackCOMRAM 000006
atraso_ms@t                 cstackCOMRAM 000001
atraso_s@i                  cstackCOMRAM 000009
atraso_s@j                  cstackCOMRAM 00000B
atraso_s@k                  cstackCOMRAM 00000C
atraso_s@t                  cstackCOMRAM 000007
chevrolet@F2443             dataBANK0    0000E0
chevrolet@chevrolete_logo   cstackCOMRAM 00000D
chevrolet@i                 cstackCOMRAM 00002E
chevrolet@j                 cstackCOMRAM 00002D
delay@i                     cstackCOMRAM 000001
delay@j                     cstackCOMRAM 000003
delay@k                     cstackCOMRAM 000004
digitalWrite@pin            cstackCOMRAM 000001
digitalWrite@value          cstackCOMRAM 000003
end_of_initialization       cinit        006062
getd@nn                     cstackCOMRAM 000001
getu@nn                     cstackCOMRAM 000001
i2c_rb@ack                  cstackCOMRAM 000007
i2c_rb@i                    cstackCOMRAM 000009
i2c_rb@ret                  cstackCOMRAM 000008
i2c_wb@i                    cstackCOMRAM 000008
i2c_wb@val                  cstackCOMRAM 000007
intlevel0                   text         000000
intlevel1                   text         000000
intlevel2                   text         000000
intlevel3                   text         000000
kpDebounce@i                cstackCOMRAM 00000A
kpDebounce@j                cstackCOMRAM 000009
kpDebounce@k                cstackCOMRAM 000007
kpDebounce@old_D            cstackCOMRAM 000006
kpDebounce@tempo            bssCOMRAM    000072
kpDebounce@valorAntigo      bssCOMRAM    000067
kpDebounce@valorNovo        bssCOMRAM    000069
lcd_cmd@val                 cstackCOMRAM 000007
lcd_dat@val                 cstackCOMRAM 000007
lcd_str@i                   cstackCOMRAM 00000C
lcd_str@str                 cstackCOMRAM 000008
lcd_wr@val                  cstackCOMRAM 000001
main@caA                    cstackCOMRAM 000050
main@caB                    cstackCOMRAM 000051
main@cont                   cstackCOMRAM 00005A
main@cvA                    cstackCOMRAM 00004E
main@cvB                    cstackCOMRAM 00004F
main@flagcontrole           cstackCOMRAM 000052
main@flagfalta              cstackCOMRAM 00004B
main@gols                   cstackCOMRAM 000056
main@gols2                  cstackCOMRAM 000057
main@i                      cstackCOMRAM 00005C
main@j                      cstackCOMRAM 00004D
main@k                      cstackCOMRAM 000055
main@t                      cstackCOMRAM 000049
main@temp1                  cstackCOMRAM 000047
main@tempflag               cstackCOMRAM 000058
main@turno                  cstackCOMRAM 000054
nike_logo@F2453             dataBANK1    000100
nike_logo@i                 cstackCOMRAM 000046
nike_logo@j                 cstackCOMRAM 000045
nike_logo@nike_logo         cstackCOMRAM 00000D
partida_andamento@gols      cstackCOMRAM 00000F
partida_andamento@gols2     cstackCOMRAM 00000D
partida_andamento@turno     cstackCOMRAM 00000E
pinMode@pin                 cstackCOMRAM 000001
pinMode@type                cstackCOMRAM 000003
pwmFrequency@freq           cstackCOMRAM 00000F
pwmSet1@porcento            cstackCOMRAM 00000A
pwmSet1@val                 cstackCOMRAM 00000B
rtc_r@gols                  cstackCOMRAM 00000A
ssdDigit@pos                cstackCOMRAM 00000F
ssdDigit@val                cstackCOMRAM 000010
stackhi                     (abs)        0005FF
stacklo                     (abs)        000138
start                       init         000000
start_initialization        cinit        006016
timerReset@ciclos           cstackCOMRAM 000003
timerReset@tempo            cstackCOMRAM 000001
unifeilogo@F2448            dataBANK0    0000B0
unifeilogo@i                cstackCOMRAM 000038
unifeilogo@logo             cstackCOMRAM 000008


FUNCTION INFORMATION:

 *************** function _main *****************
 Defined at:
		line 172 in file "main.c"
 Parameters:    Size  Location     Type
		None
 Auto vars:     Size  Location     Type
  cont            2   89[COMRAM] int 
  tempflag        2   87[COMRAM] unsigned int 
  flagcontrole    2   81[COMRAM] int 
  flagfalta       2   74[COMRAM] int 
  t               2   72[COMRAM] unsigned int 
  temp1           2   70[COMRAM] unsigned int 
  temp2           2    0        unsigned int 
  i               1   91[COMRAM] unsigned char 
  gols2           1   86[COMRAM] unsigned char 
  gols            1   85[COMRAM] unsigned char 
  k               1   84[COMRAM] unsigned char 
  turno           1   83[COMRAM] unsigned char 
  caB             1   80[COMRAM] unsigned char 
  caA             1   79[COMRAM] unsigned char 
  cvB             1   78[COMRAM] unsigned char 
  cvA             1   77[COMRAM] unsigned char 
  j               1   76[COMRAM] unsigned char 
 Return value:  Size  Location     Type
                  1    wreg      void 
 Registers used:
		wreg, fsr0l, fsr0h, fsr1l, fsr1h, fsr2l, fsr2h, status,2, status,0, tblptrl, tblptrh, tblptru, prodl, prodh, cstack
 Tracked objects:
		On entry : 
		On exit  : 
		Unchanged: 
 Data sizes:     COMRAM   BANK0   BANK1   BANK2   BANK3   BANK4   BANK5
      Params:         0       0       0       0       0       0       0
      Locals:        22       0       0       0       0       0       0
      Temps:          0       0       0       0       0       0       0
      Totals:        22       0       0       0       0       0       0
Total ram usage:       22 bytes
 Hardware stack levels required when called:    4
 This function calls:
		___awdiv
		___awmod
		_adidas_logo
		_atraso_ms
		_atraso_s
		_chevrolet
		_kpDebounce
		_kpInit
		_kpRead
		_lcd_cmd
		_lcd_dat
		_lcd_init
		_lcd_str
		_nike_logo
		_partida_andamento
		_pwmFrequency
		_pwmInit
		_pwmSet1
		_rtc_r
		_ssdDigit
		_ssdInit
		_ssdUpdate
		_timerInit
		_timerReset
		_timerWait
		_unifeilogo
 This function is called by:
		Startup code after reset
 This function uses a non-reentrant model


 *************** function _unifeilogo *****************
 Defined at:
		line 47 in file "main.c"
 Parameters:    Size  Location     Type
		None
 Auto vars:     Size  Location     Type
  logo           48    7[COMRAM] unsigned char [48]
  i               1   55[COMRAM] unsigned char 
  j               1    0        unsigned char 
 Return value:  Size  Location     Type
                  1    wreg      void 
 Registers used:
		wreg, fsr1l, fsr1h, fsr2l, fsr2h, status,2, status,0, cstack
 Tracked objects:
		On entry : 
		On exit  : 
		Unchanged: 
 Data sizes:     COMRAM   BANK0   BANK1   BANK2   BANK3   BANK4   BANK5
      Params:         0       0       0       0       0       0       0
      Locals:        49       0       0       0       0       0       0
      Temps:          0       0       0       0       0       0       0
      Totals:        49       0       0       0       0       0       0
Total ram usage:       49 bytes
 Hardware stack levels used:    1
 Hardware stack levels required when called:    2
 This function calls:
		_lcd_cmd
		_lcd_dat
 This function is called by:
		_main
 This function uses a non-reentrant model


 *************** function _timerWait *****************
 Defined at:
		line 31 in file "timer.c"
 Parameters:    Size  Location     Type
		None
 Auto vars:     Size  Location     Type
		None
 Return value:  Size  Location     Type
                  1    wreg      void 
 Registers used:
		None
 Tracked objects:
		On entry : 
		On exit  : 
		Unchanged: 
 Data sizes:     COMRAM   BANK0   BANK1   BANK2   BANK3   BANK4   BANK5
      Params:         0       0       0       0       0       0       0
      Locals:         0       0       0       0       0       0       0
      Temps:          0       0       0       0       0       0       0
      Totals:         0       0       0       0       0       0       0
Total ram usage:        0 bytes
 Hardware stack levels used:    1
 This function calls:
		Nothing
 This function is called by:
		_main
 This function uses a non-reentrant model


 *************** function _timerReset *****************
 Defined at:
		line 37 in file "timer.c"
 Parameters:    Size  Location     Type
  tempo           2    0[COMRAM] unsigned int 
 Auto vars:     Size  Location     Type
  ciclos          2    2[COMRAM] unsigned int 
 Return value:  Size  Location     Type
                  1    wreg      void 
 Registers used:
		wreg, status,2, status,0
 Tracked objects:
		On entry : 
		On exit  : 
		Unchanged: 
 Data sizes:     COMRAM   BANK0   BANK1   BANK2   BANK3   BANK4   BANK5
      Params:         2       0       0       0       0       0       0
      Locals:         2       0       0       0       0       0       0
      Temps:          0       0       0       0       0       0       0
      Totals:         4       0       0       0       0       0       0
Total ram usage:        4 bytes
 Hardware stack levels used:    1
 This function calls:
		Nothing
 This function is called by:
		_main
 This function uses a non-reentrant model


 *************** function _timerInit *****************
 Defined at:
		line 51 in file "timer.c"
 Parameters:    Size  Location     Type
		None
 Auto vars:     Size  Location     Type
		None
 Return value:  Size  Location     Type
                  1    wreg      void 
 Registers used:
		wreg, status,2, status,0
 Tracked objects:
		On entry : 
		On exit  : 
		Unchanged: 
 Data sizes:     COMRAM   BANK0   BANK1   BANK2   BANK3   BANK4   BANK5
      Params:         0       0       0       0       0       0       0
      Locals:         0       0       0       0       0       0       0
      Temps:          0       0       0       0       0       0       0
      Totals:         0       0       0       0       0       0       0
Total ram usage:        0 bytes
 Hardware stack levels used:    1
 This function calls:
		Nothing
 This function is called by:
		_main
 This function uses a non-reentrant model


 *************** function _ssdUpdate *****************
 Defined at:
		line 54 in file "ssd.c"
 Parameters:    Size  Location     Type
		None
 Auto vars:     Size  Location     Type
		None
 Return value:  Size  Location     Type
                  1    wreg      void 
 Registers used:
		wreg, status,2, status,0, tblptrl, tblptrh, tblptru, cstack
 Tracked objects:
		On entry : 
		On exit  : 
		Unchanged: 
 Data sizes:     COMRAM   BANK0   BANK1   BANK2   BANK3   BANK4   BANK5
      Params:         0       0       0       0       0       0       0
      Locals:         0       0       0       0       0       0       0
      Temps:          2       0       0       0       0       0       0
      Totals:         2       0       0       0       0       0       0
Total ram usage:        2 bytes
 Hardware stack levels used:    1
 Hardware stack levels required when called:    1
 This function calls:
		_digitalWrite
 This function is called by:
		_main
 This function uses a non-reentrant model


 *************** function _digitalWrite *****************
 Defined at:
		line 14 in file "io.c"
 Parameters:    Size  Location     Type
  pin             2    0[COMRAM] int 
  value           2    2[COMRAM] int 
 Auto vars:     Size  Location     Type
		None
 Return value:  Size  Location     Type
                  1    wreg      void 
 Registers used:
		wreg, status,2, status,0
 Tracked objects:
		On entry : 
		On exit  : 
		Unchanged: 
 Data sizes:     COMRAM   BANK0   BANK1   BANK2   BANK3   BANK4   BANK5
      Params:         4       0       0       0       0       0       0
      Locals:         0       0       0       0       0       0       0
      Temps:          2       0       0       0       0       0       0
      Totals:         6       0       0       0       0       0       0
Total ram usage:        6 bytes
 Hardware stack levels used:    1
 This function calls:
		Nothing
 This function is called by:
		_ssdUpdate
 This function uses a non-reentrant model


 *************** function _ssdInit *****************
 Defined at:
		line 101 in file "ssd.c"
 Parameters:    Size  Location     Type
		None
 Auto vars:     Size  Location     Type
		None
 Return value:  Size  Location     Type
                  1    wreg      void 
 Registers used:
		wreg, status,2, status,0, cstack
 Tracked objects:
		On entry : 
		On exit  : 
		Unchanged: 
 Data sizes:     COMRAM   BANK0   BANK1   BANK2   BANK3   BANK4   BANK5
      Params:         0       0       0       0       0       0       0
      Locals:         0       0       0       0       0       0       0
      Temps:          0       0       0       0       0       0       0
      Totals:         0       0       0       0       0       0       0
Total ram usage:        0 bytes
 Hardware stack levels used:    1
 Hardware stack levels required when called:    1
 This function calls:
		_pinMode
 This function is called by:
		_main
 This function uses a non-reentrant model


 *************** function _pinMode *****************
 Defined at:
		line 54 in file "io.c"
 Parameters:    Size  Location     Type
  pin             2    0[COMRAM] int 
  type            2    2[COMRAM] int 
 Auto vars:     Size  Location     Type
		None
 Return value:  Size  Location     Type
                  1    wreg      void 
 Registers used:
		wreg, status,2, status,0
 Tracked objects:
		On entry : 
		On exit  : 
		Unchanged: 
 Data sizes:     COMRAM   BANK0   BANK1   BANK2   BANK3   BANK4   BANK5
      Params:         4       0       0       0       0       0       0
      Locals:         0       0       0       0       0       0       0
      Temps:          2       0       0       0       0       0       0
      Totals:         6       0       0       0       0       0       0
Total ram usage:        6 bytes
 Hardware stack levels used:    1
 This function calls:
		Nothing
 This function is called by:
		_ssdInit
 This function uses a non-reentrant model


 *************** function _ssdDigit *****************
 Defined at:
		line 38 in file "ssd.c"
 Parameters:    Size  Location     Type
  val             1    wreg     unsigned char 
  pos             1   14[COMRAM] unsigned char 
 Auto vars:     Size  Location     Type
  val             1   15[COMRAM] unsigned char 
 Return value:  Size  Location     Type
                  1    wreg      void 
 Registers used:
		wreg, status,2, status,0
 Tracked objects:
		On entry : 
		On exit  : 
		Unchanged: 
 Data sizes:     COMRAM   BANK0   BANK1   BANK2   BANK3   BANK4   BANK5
      Params:         1       0       0       0       0       0       0
      Locals:         1       0       0       0       0       0       0
      Temps:          0       0       0       0       0       0       0
      Totals:         2       0       0       0       0       0       0
Total ram usage:        2 bytes
 Hardware stack levels used:    1
 This function calls:
		Nothing
 This function is called by:
		_main
 This function uses a non-reentrant model


 *************** function _rtc_r *****************
 Defined at:
		line 44 in file "rtc_r.c"
 Parameters:    Size  Location     Type
		None
 Auto vars:     Size  Location     Type
  gols            1    9[COMRAM] unsigned char 
 Return value:  Size  Location     Type
                  1    wreg      void 
 Registers used:
		wreg, status,2, status,0, cstack
 Tracked objects:
		On entry : 
		On exit  : 
		Unchanged: 
 Data sizes:     COMRAM   BANK0   BANK1   BANK2   BANK3   BANK4   BANK5
      Params:         0       0       0       0       0       0       0
      Locals:         1       0       0       0       0       0       0
      Temps:          0       0       0       0       0       0       0
      Totals:         1       0       0       0       0       0       0
Total ram usage:        1 bytes
 Hardware stack levels used:    1
 Hardware stack levels required when called:    2
 This function calls:
		_getd
		_getu
		_i2c_rb
		_i2c_start
		_i2c_stop
		_i2c_wb
 This function is called by:
		_main
 This function uses a non-reentrant model


 *************** function _i2c_wb *****************
 Defined at:
		line 62 in file "i2c.c"
 Parameters:    Size  Location     Type
  val             1    wreg     unsigned char 
 Auto vars:     Size  Location     Type
  val             1    6[COMRAM] unsigned char 
  i               1    7[COMRAM] unsigned char 
 Return value:  Size  Location     Type
                  1    wreg      void 
 Registers used:
		wreg, status,2, status,0, cstack
 Tracked objects:
		On entry : 
		On exit  : 
		Unchanged: 
 Data sizes:     COMRAM   BANK0   BANK1   BANK2   BANK3   BANK4   BANK5
      Params:         0       0       0       0       0       0       0
      Locals:         2       0       0       0       0       0       0
      Temps:          2       0       0       0       0       0       0
      Totals:         4       0       0       0       0       0       0
Total ram usage:        4 bytes
 Hardware stack levels used:    1
 Hardware stack levels required when called:    1
 This function calls:
		_delay
 This function is called by:
		_rtc_r
 This function uses a non-reentrant model


 *************** function _i2c_stop *****************
 Defined at:
		line 54 in file "i2c.c"
 Parameters:    Size  Location     Type
		None
 Auto vars:     Size  Location     Type
		None
 Return value:  Size  Location     Type
                  1    wreg      void 
 Registers used:
		wreg, status,2, status,0, cstack
 Tracked objects:
		On entry : 
		On exit  : 
		Unchanged: 
 Data sizes:     COMRAM   BANK0   BANK1   BANK2   BANK3   BANK4   BANK5
      Params:         0       0       0       0       0       0       0
      Locals:         0       0       0       0       0       0       0
      Temps:          0       0       0       0       0       0       0
      Totals:         0       0       0       0       0       0       0
Total ram usage:        0 bytes
 Hardware stack levels used:    1
 Hardware stack levels required when called:    1
 This function calls:
		_delay
 This function is called by:
		_rtc_r
 This function uses a non-reentrant model


 *************** function _i2c_start *****************
 Defined at:
		line 46 in file "i2c.c"
 Parameters:    Size  Location     Type
		None
 Auto vars:     Size  Location     Type
		None
 Return value:  Size  Location     Type
                  1    wreg      void 
 Registers used:
		wreg, status,2, status,0, cstack
 Tracked objects:
		On entry : 
		On exit  : 
		Unchanged: 
 Data sizes:     COMRAM   BANK0   BANK1   BANK2   BANK3   BANK4   BANK5
      Params:         0       0       0       0       0       0       0
      Locals:         0       0       0       0       0       0       0
      Temps:          0       0       0       0       0       0       0
      Totals:         0       0       0       0       0       0       0
Total ram usage:        0 bytes
 Hardware stack levels used:    1
 Hardware stack levels required when called:    1
 This function calls:
		_delay
 This function is called by:
		_rtc_r
 This function uses a non-reentrant model


 *************** function _i2c_rb *****************
 Defined at:
		line 78 in file "i2c.c"
 Parameters:    Size  Location     Type
  ack             1    wreg     unsigned char 
 Auto vars:     Size  Location     Type
  ack             1    6[COMRAM] unsigned char 
  i               1    8[COMRAM] unsigned char 
  ret             1    7[COMRAM] unsigned char 
 Return value:  Size  Location     Type
                  1    wreg      unsigned char 
 Registers used:
		wreg, status,2, status,0, cstack
 Tracked objects:
		On entry : 
		On exit  : 
		Unchanged: 
 Data sizes:     COMRAM   BANK0   BANK1   BANK2   BANK3   BANK4   BANK5
      Params:         0       0       0       0       0       0       0
      Locals:         3       0       0       0       0       0       0
      Temps:          2       0       0       0       0       0       0
      Totals:         5       0       0       0       0       0       0
Total ram usage:        5 bytes
 Hardware stack levels used:    1
 Hardware stack levels required when called:    1
 This function calls:
		_delay
 This function is called by:
		_rtc_r
 This function uses a non-reentrant model


 *************** function _delay *****************
 Defined at:
		line 29 in file "i2c.c"
 Parameters:    Size  Location     Type
		None
 Auto vars:     Size  Location     Type
  i               2    0[COMRAM] unsigned int 
  k               1    3[COMRAM] volatile unsigned char 
  j               1    2[COMRAM] volatile unsigned char 
 Return value:  Size  Location     Type
                  1    wreg      void 
 Registers used:
		wreg, status,2, status,0
 Tracked objects:
		On entry : 
		On exit  : 
		Unchanged: 
 Data sizes:     COMRAM   BANK0   BANK1   BANK2   BANK3   BANK4   BANK5
      Params:         0       0       0       0       0       0       0
      Locals:         4       0       0       0       0       0       0
      Temps:          0       0       0       0       0       0       0
      Totals:         4       0       0       0       0       0       0
Total ram usage:        4 bytes
 Hardware stack levels used:    1
 This function calls:
		Nothing
 This function is called by:
		_i2c_start
		_i2c_stop
		_i2c_wb
		_i2c_rb
 This function uses a non-reentrant model


 *************** function _getu *****************
 Defined at:
		line 38 in file "rtc_r.c"
 Parameters:    Size  Location     Type
  nn              1    wreg     unsigned char 
 Auto vars:     Size  Location     Type
  nn              1    0[COMRAM] unsigned char 
 Return value:  Size  Location     Type
                  1    wreg      unsigned char 
 Registers used:
		wreg, status,2, status,0
 Tracked objects:
		On entry : 
		On exit  : 
		Unchanged: 
 Data sizes:     COMRAM   BANK0   BANK1   BANK2   BANK3   BANK4   BANK5
      Params:         0       0       0       0       0       0       0
      Locals:         1       0       0       0       0       0       0
      Temps:          0       0       0       0       0       0       0
      Totals:         1       0       0       0       0       0       0
Total ram usage:        1 bytes
 Hardware stack levels used:    1
 This function calls:
		Nothing
 This function is called by:
		_rtc_r
 This function uses a non-reentrant model


 *************** function _getd *****************
 Defined at:
		line 33 in file "rtc_r.c"
 Parameters:    Size  Location     Type
  nn              1    wreg     unsigned char 
 Auto vars:     Size  Location     Type
  nn              1    0[COMRAM] unsigned char 
 Return value:  Size  Location     Type
                  1    wreg      unsigned char 
 Registers used:
		wreg, status,2, status,0
 Tracked objects:
		On entry : 
		On exit  : 
		Unchanged: 
 Data sizes:     COMRAM   BANK0   BANK1   BANK2   BANK3   BANK4   BANK5
      Params:         0       0       0       0       0       0       0
      Locals:         1       0       0       0       0       0       0
      Temps:          0       0       0       0       0       0       0
      Totals:         1       0       0       0       0       0       0
Total ram usage:        1 bytes
 Hardware stack levels used:    1
 This function calls:
		Nothing
 This function is called by:
		_rtc_r
 This function uses a non-reentrant model


 *************** function _pwmSet1 *****************
 Defined at:
		line 23 in file "pwm.c"
 Parameters:    Size  Location     Type
  porcento        1    wreg     unsigned char 
 Auto vars:     Size  Location     Type
  porcento        1    9[COMRAM] unsigned char 
  val             2   10[COMRAM] unsigned int 
 Return value:  Size  Location     Type
                  1    wreg      void 
 Registers used:
		wreg, status,2, status,0, prodl, prodh, cstack
 Tracked objects:
		On entry : 
		On exit  : 
		Unchanged: 
 Data sizes:     COMRAM   BANK0   BANK1   BANK2   BANK3   BANK4   BANK5
      Params:         0       0       0       0       0       0       0
      Locals:         3       0       0       0       0       0       0
      Temps:          2       0       0       0       0       0       0
      Totals:         5       0       0       0       0       0       0
Total ram usage:        5 bytes
 Hardware stack levels used:    1
 Hardware stack levels required when called:    1
 This function calls:
		___lwdiv
		___wmul
 This function is called by:
		_main
 This function uses a non-reentrant model


 *************** function ___lwdiv *****************
 Defined at:
		line 7 in file "C:\Program Files\Microchip\xc8\v2.30\pic\sources\c99\common\lwdiv.c"
 Parameters:    Size  Location     Type
  dividend        2    0[COMRAM] unsigned int 
  divisor         2    2[COMRAM] unsigned int 
 Auto vars:     Size  Location     Type
  quotient        2    4[COMRAM] unsigned int 
  counter         1    6[COMRAM] unsigned char 
 Return value:  Size  Location     Type
                  2    0[COMRAM] unsigned int 
 Registers used:
		wreg, status,2, status,0
 Tracked objects:
		On entry : 
		On exit  : 
		Unchanged: 
 Data sizes:     COMRAM   BANK0   BANK1   BANK2   BANK3   BANK4   BANK5
      Params:         4       0       0       0       0       0       0
      Locals:         3       0       0       0       0       0       0
      Temps:          0       0       0       0       0       0       0
      Totals:         7       0       0       0       0       0       0
Total ram usage:        7 bytes
 Hardware stack levels used:    1
 This function calls:
		Nothing
 This function is called by:
		_pwmSet1
		_pwmSet2
 This function uses a non-reentrant model


 *************** function _pwmInit *****************
 Defined at:
		line 59 in file "pwm.c"
 Parameters:    Size  Location     Type
		None
 Auto vars:     Size  Location     Type
		None
 Return value:  Size  Location     Type
                  1    wreg      void 
 Registers used:
		wreg, status,2, status,0
 Tracked objects:
		On entry : 
		On exit  : 
		Unchanged: 
 Data sizes:     COMRAM   BANK0   BANK1   BANK2   BANK3   BANK4   BANK5
      Params:         0       0       0       0       0       0       0
      Locals:         0       0       0       0       0       0       0
      Temps:          0       0       0       0       0       0       0
      Totals:         0       0       0       0       0       0       0
Total ram usage:        0 bytes
 Hardware stack levels used:    1
 This function calls:
		Nothing
 This function is called by:
		_main
 This function uses a non-reentrant model


 *************** function _pwmFrequency *****************
 Defined at:
		line 52 in file "pwm.c"
 Parameters:    Size  Location     Type
  freq            2   14[COMRAM] unsigned int 
 Auto vars:     Size  Location     Type
		None
 Return value:  Size  Location     Type
                  1    wreg      void 
 Registers used:
		wreg, status,2, status,0, cstack
 Tracked objects:
		On entry : 
		On exit  : 
		Unchanged: 
 Data sizes:     COMRAM   BANK0   BANK1   BANK2   BANK3   BANK4   BANK5
      Params:         2       0       0       0       0       0       0
      Locals:         0       0       0       0       0       0       0
      Temps:          0       0       0       0       0       0       0
      Totals:         2       0       0       0       0       0       0
Total ram usage:        2 bytes
 Hardware stack levels used:    1
 Hardware stack levels required when called:    1
 This function calls:
		___aldiv
 This function is called by:
		_main
 This function uses a non-reentrant model


 *************** function ___aldiv *****************
 Defined at:
		line 7 in file "C:\Program Files\Microchip\xc8\v2.30\pic\sources\c99\common\aldiv.c"
 Parameters:    Size  Location     Type
  dividend        4    0[COMRAM] long 
  divisor         4    4[COMRAM] long 
 Auto vars:     Size  Location     Type
  quotient        4   10[COMRAM] long 
  sign            1    9[COMRAM] unsigned char 
  counter         1    8[COMRAM] unsigned char 
 Return value:  Size  Location     Type
                  4    0[COMRAM] long 
 Registers used:
		wreg, status,2, status,0
 Tracked objects:
		On entry : 
		On exit  : 
		Unchanged: 
 Data sizes:     COMRAM   BANK0   BANK1   BANK2   BANK3   BANK4   BANK5
      Params:         8       0       0       0       0       0       0
      Locals:         6       0       0       0       0       0       0
      Temps:          0       0       0       0       0       0       0
      Totals:        14       0       0       0       0       0       0
Total ram usage:       14 bytes
 Hardware stack levels used:    1
 This function calls:
		Nothing
 This function is called by:
		_pwmFrequency
 This function uses a non-reentrant model


 *************** function _partida_andamento *****************
 Defined at:
		line 153 in file "main.c"
 Parameters:    Size  Location     Type
  gols            1    wreg     unsigned char 
  gols2           1   12[COMRAM] unsigned char 
  turno           1   13[COMRAM] unsigned char 
 Auto vars:     Size  Location     Type
  gols            1   14[COMRAM] unsigned char 
 Return value:  Size  Location     Type
                  1    wreg      void 
 Registers used:
		wreg, fsr0l, fsr0h, status,2, status,0, tblptrl, tblptrh, tblptru, cstack
 Tracked objects:
		On entry : 
		On exit  : 
		Unchanged: 
 Data sizes:     COMRAM   BANK0   BANK1   BANK2   BANK3   BANK4   BANK5
      Params:         2       0       0       0       0       0       0
      Locals:         1       0       0       0       0       0       0
      Temps:          0       0       0       0       0       0       0
      Totals:         3       0       0       0       0       0       0
Total ram usage:        3 bytes
 Hardware stack levels used:    1
 Hardware stack levels required when called:    3
 This function calls:
		_lcd_cmd
		_lcd_dat
		_lcd_str
 This function is called by:
		_main
 This function uses a non-reentrant model


 *************** function _nike_logo *****************
 Defined at:
		line 76 in file "main.c"
 Parameters:    Size  Location     Type
		None
 Auto vars:     Size  Location     Type
  nike_logo      56   12[COMRAM] unsigned char [56]
  i               1   69[COMRAM] unsigned char 
  j               1   68[COMRAM] unsigned char 
 Return value:  Size  Location     Type
                  1    wreg      void 
 Registers used:
		wreg, fsr0l, fsr0h, fsr1l, fsr1h, fsr2l, fsr2h, status,2, status,0, tblptrl, tblptrh, tblptru, cstack
 Tracked objects:
		On entry : 
		On exit  : 
		Unchanged: 
 Data sizes:     COMRAM   BANK0   BANK1   BANK2   BANK3   BANK4   BANK5
      Params:         0       0       0       0       0       0       0
      Locals:        58       0       0       0       0       0       0
      Temps:          0       0       0       0       0       0       0
      Totals:        58       0       0       0       0       0       0
Total ram usage:       58 bytes
 Hardware stack levels used:    1
 Hardware stack levels required when called:    3
 This function calls:
		_atraso_ms
		_lcd_cmd
		_lcd_dat
		_lcd_str
 This function is called by:
		_main
 This function uses a non-reentrant model


 *************** function _lcd_init *****************
 Defined at:
		line 57 in file "lcd.c"
 Parameters:    Size  Location     Type
		None
 Auto vars:     Size  Location     Type
		None
 Return value:  Size  Location     Type
                  1    wreg      void 
 Registers used:
		wreg, status,2, status,0, cstack
 Tracked objects:
		On entry : 
		On exit  : 
		Unchanged: 
 Data sizes:     COMRAM   BANK0   BANK1   BANK2   BANK3   BANK4   BANK5
      Params:         0       0       0       0       0       0       0
      Locals:         0       0       0       0       0       0       0
      Temps:          0       0       0       0       0       0       0
      Totals:         0       0       0       0       0       0       0
Total ram usage:        0 bytes
 Hardware stack levels used:    1
 Hardware stack levels required when called:    2
 This function calls:
		_atraso_ms
		_lcd_cmd
 This function is called by:
		_main
 This function uses a non-reentrant model


 *************** function _kpRead *****************
 Defined at:
		line 35 in file "keypad.c"
 Parameters:    Size  Location     Type
		None
 Auto vars:     Size  Location     Type
		None
 Return value:  Size  Location     Type
                  2    0[COMRAM] unsigned int 
 Registers used:
		None
 Tracked objects:
		On entry : 
		On exit  : 
		Unchanged: 
 Data sizes:     COMRAM   BANK0   BANK1   BANK2   BANK3   BANK4   BANK5
      Params:         2       0       0       0       0       0       0
      Locals:         0       0       0       0       0       0       0
      Temps:          0       0       0       0       0       0       0
      Totals:         2       0       0       0       0       0       0
Total ram usage:        2 bytes
 Hardware stack levels used:    1
 This function calls:
		Nothing
 This function is called by:
		_main
 This function uses a non-reentrant model


 *************** function _kpInit *****************
 Defined at:
		line 87 in file "keypad.c"
 Parameters:    Size  Location     Type
		None
 Auto vars:     Size  Location     Type
		None
 Return value:  Size  Location     Type
                  1    wreg      void 
 Registers used:
		wreg, status,2, status,0
 Tracked objects:
		On entry : 
		On exit  : 
		Unchanged: 
 Data sizes:     COMRAM   BANK0   BANK1   BANK2   BANK3   BANK4   BANK5
      Params:         0       0       0       0       0       0       0
      Locals:         0       0       0       0       0       0       0
      Temps:          0       0       0       0       0       0       0
      Totals:         0       0       0       0       0       0       0
Total ram usage:        0 bytes
 Hardware stack levels used:    1
 This function calls:
		Nothing
 This function is called by:
		_main
 This function uses a non-reentrant model


 *************** function _kpDebounce *****************
 Defined at:
		line 39 in file "keypad.c"
 Parameters:    Size  Location     Type
		None
 Auto vars:     Size  Location     Type
  k               2    6[COMRAM] int 
  i               1    9[COMRAM] unsigned char 
  j               1    8[COMRAM] unsigned char 
  old_D           1    5[COMRAM] unsigned char 
 Return value:  Size  Location     Type
                  1    wreg      void 
 Registers used:
		wreg, status,2, status,0, prodl, prodh
 Tracked objects:
		On entry : 
		On exit  : 
		Unchanged: 
 Data sizes:     COMRAM   BANK0   BANK1   BANK2   BANK3   BANK4   BANK5
      Params:         0       0       0       0       0       0       0
      Locals:         5       0       0       0       0       0       0
      Temps:          5       0       0       0       0       0       0
      Totals:        10       0       0       0       0       0       0
Total ram usage:       10 bytes
 Hardware stack levels used:    1
 This function calls:
		Nothing
 This function is called by:
		_main
 This function uses a non-reentrant model


 *************** function _chevrolet *****************
 Defined at:
		line 14 in file "main.c"
 Parameters:    Size  Location     Type
		None
 Auto vars:     Size  Location     Type
  chevrolete_l   32   12[COMRAM] unsigned char [32]
  i               1   45[COMRAM] unsigned char 
  j               1   44[COMRAM] unsigned char 
 Return value:  Size  Location     Type
                  1    wreg      void 
 Registers used:
		wreg, fsr0l, fsr0h, fsr1l, fsr1h, fsr2l, fsr2h, status,2, status,0, tblptrl, tblptrh, tblptru, cstack
 Tracked objects:
		On entry : 
		On exit  : 
		Unchanged: 
 Data sizes:     COMRAM   BANK0   BANK1   BANK2   BANK3   BANK4   BANK5
      Params:         0       0       0       0       0       0       0
      Locals:        34       0       0       0       0       0       0
      Temps:          0       0       0       0       0       0       0
      Totals:        34       0       0       0       0       0       0
Total ram usage:       34 bytes
 Hardware stack levels used:    1
 Hardware stack levels required when called:    3
 This function calls:
		_atraso_ms
		_lcd_cmd
		_lcd_dat
		_lcd_str
 This function is called by:
		_main
 This function uses a non-reentrant model


 *************** function _atraso_s *****************
 Defined at:
		line 14 in file "delay.c"
 Parameters:    Size  Location     Type
  t               2    6[COMRAM] unsigned int 
 Auto vars:     Size  Location     Type
  i               2    8[COMRAM] volatile unsigned int 
  k               1   11[COMRAM] volatile unsigned char 
  j               1   10[COMRAM] volatile unsigned char 
 Return value:  Size  Location     Type
                  1    wreg      void 
 Registers used:
		wreg, status,2, status,0, prodl, prodh, cstack
 Tracked objects:
		On entry : 
		On exit  : 
		Unchanged: 
 Data sizes:     COMRAM   BANK0   BANK1   BANK2   BANK3   BANK4   BANK5
      Params:         2       0       0       0       0       0       0
      Locals:         4       0       0       0       0       0       0
      Temps:          0       0       0       0       0       0       0
      Totals:         6       0       0       0       0       0       0
Total ram usage:        6 bytes
 Hardware stack levels used:    1
 Hardware stack levels required when called:    1
 This function calls:
		___wmul
 This function is called by:
		_main
 This function uses a non-reentrant model


 *************** function ___wmul *****************
 Defined at:
		line 15 in file "C:\Program Files\Microchip\xc8\v2.30\pic\sources\c99\common\Umul16.c"
 Parameters:    Size  Location     Type
  multiplier      2    0[COMRAM] unsigned int 
  multiplicand    2    2[COMRAM] unsigned int 
 Auto vars:     Size  Location     Type
  product         2    4[COMRAM] unsigned int 
 Return value:  Size  Location     Type
                  2    0[COMRAM] unsigned int 
 Registers used:
		wreg, status,2, status,0, prodl, prodh
 Tracked objects:
		On entry : 
		On exit  : 
		Unchanged: 
 Data sizes:     COMRAM   BANK0   BANK1   BANK2   BANK3   BANK4   BANK5
      Params:         4       0       0       0       0       0       0
      Locals:         2       0       0       0       0       0       0
      Temps:          0       0       0       0       0       0       0
      Totals:         6       0       0       0       0       0       0
Total ram usage:        6 bytes
 Hardware stack levels used:    1
 This function calls:
		Nothing
 This function is called by:
		_atraso_s
		_pwmSet1
		_pwmSet2
 This function uses a non-reentrant model


 *************** function _adidas_logo *****************
 Defined at:
		line 116 in file "main.c"
 Parameters:    Size  Location     Type
		None
 Auto vars:     Size  Location     Type
  adidas         48   12[COMRAM] unsigned char [48]
  i               1   61[COMRAM] unsigned char 
  j               1   60[COMRAM] unsigned char 
 Return value:  Size  Location     Type
                  1    wreg      void 
 Registers used:
		wreg, fsr0l, fsr0h, fsr1l, fsr1h, fsr2l, fsr2h, status,2, status,0, tblptrl, tblptrh, tblptru, cstack
 Tracked objects:
		On entry : 
		On exit  : 
		Unchanged: 
 Data sizes:     COMRAM   BANK0   BANK1   BANK2   BANK3   BANK4   BANK5
      Params:         0       0       0       0       0       0       0
      Locals:        50       0       0       0       0       0       0
      Temps:          0       0       0       0       0       0       0
      Totals:        50       0       0       0       0       0       0
Total ram usage:       50 bytes
 Hardware stack levels used:    1
 Hardware stack levels required when called:    3
 This function calls:
		_atraso_ms
		_lcd_cmd
		_lcd_dat
		_lcd_str
 This function is called by:
		_main
 This function uses a non-reentrant model


 *************** function _lcd_str *****************
 Defined at:
		line 76 in file "lcd.c"
 Parameters:    Size  Location     Type
  str             2    7[COMRAM] PTR const unsigned char 
		 -> STR_36(15), STR_35(16), STR_34(7), STR_33(7), 
		 -> STR_32(13), STR_31(17), STR_30(7), STR_29(7), 
		 -> STR_28(10), STR_27(7), STR_26(9), STR_25(17), 
		 -> STR_24(17), STR_23(17), STR_22(17), STR_21(4), 
		 -> STR_20(4), STR_19(4), STR_18(4), STR_17(16), 
		 -> STR_16(16), STR_15(15), STR_14(17), STR_13(17), 
		 -> STR_12(7), STR_11(7), date(10), STR_10(14), 
		 -> STR_9(14), STR_8(14), STR_7(9), STR_6(9), 
		 -> STR_5(7), STR_4(15), STR_3(7), STR_2(5), 
		 -> STR_1(10), 
 Auto vars:     Size  Location     Type
  i               1   11[COMRAM] unsigned char 
 Return value:  Size  Location     Type
                  1    wreg      void 
 Registers used:
		wreg, fsr0l, fsr0h, status,2, status,0, tblptrl, tblptrh, tblptru, cstack
 Tracked objects:
		On entry : 
		On exit  : 
		Unchanged: 
 Data sizes:     COMRAM   BANK0   BANK1   BANK2   BANK3   BANK4   BANK5
      Params:         2       0       0       0       0       0       0
      Locals:         1       0       0       0       0       0       0
      Temps:          2       0       0       0       0       0       0
      Totals:         5       0       0       0       0       0       0
Total ram usage:        5 bytes
 Hardware stack levels used:    1
 Hardware stack levels required when called:    2
 This function calls:
		_lcd_dat
 This function is called by:
		_chevrolet
		_nike_logo
		_adidas_logo
		_partida_andamento
		_main
 This function uses a non-reentrant model


 *************** function _lcd_dat *****************
 Defined at:
		line 46 in file "lcd.c"
 Parameters:    Size  Location     Type
  val             1    wreg     unsigned char 
 Auto vars:     Size  Location     Type
  val             1    6[COMRAM] unsigned char 
 Return value:  Size  Location     Type
                  1    wreg      void 
 Registers used:
		wreg, status,2, status,0, cstack
 Tracked objects:
		On entry : 
		On exit  : 
		Unchanged: 
 Data sizes:     COMRAM   BANK0   BANK1   BANK2   BANK3   BANK4   BANK5
      Params:         0       0       0       0       0       0       0
      Locals:         1       0       0       0       0       0       0
      Temps:          0       0       0       0       0       0       0
      Totals:         1       0       0       0       0       0       0
Total ram usage:        1 bytes
 Hardware stack levels used:    1
 Hardware stack levels required when called:    1
 This function calls:
		_atraso_ms
		_lcd_wr
 This function is called by:
		_chevrolet
		_unifeilogo
		_nike_logo
		_adidas_logo
		_partida_andamento
		_main
		_lcd_str
 This function uses a non-reentrant model


 *************** function _lcd_cmd *****************
 Defined at:
		line 35 in file "lcd.c"
 Parameters:    Size  Location     Type
  val             1    wreg     unsigned char 
 Auto vars:     Size  Location     Type
  val             1    6[COMRAM] unsigned char 
 Return value:  Size  Location     Type
                  1    wreg      void 
 Registers used:
		wreg, status,2, status,0, cstack
 Tracked objects:
		On entry : 
		On exit  : 
		Unchanged: 
 Data sizes:     COMRAM   BANK0   BANK1   BANK2   BANK3   BANK4   BANK5
      Params:         0       0       0       0       0       0       0
      Locals:         1       0       0       0       0       0       0
      Temps:          0       0       0       0       0       0       0
      Totals:         1       0       0       0       0       0       0
Total ram usage:        1 bytes
 Hardware stack levels used:    1
 Hardware stack levels required when called:    1
 This function calls:
		_atraso_ms
		_lcd_wr
 This function is called by:
		_chevrolet
		_unifeilogo
		_nike_logo
		_adidas_logo
		_partida_andamento
		_main
		_lcd_init
 This function uses a non-reentrant model


 *************** function _lcd_wr *****************
 Defined at:
		line 30 in file "lcd.c"
 Parameters:    Size  Location     Type
  val             1    wreg     unsigned char 
 Auto vars:     Size  Location     Type
  val             1    0[COMRAM] unsigned char 
 Return value:  Size  Location     Type
                  1    wreg      void 
 Registers used:
		wreg
 Tracked objects:
		On entry : 
		On exit  : 
		Unchanged: 
 Data sizes:     COMRAM   BANK0   BANK1   BANK2   BANK3   BANK4   BANK5
      Params:         0       0       0       0       0       0       0
      Locals:         1       0       0       0       0       0       0
      Temps:          0       0       0       0       0       0       0
      Totals:         1       0       0       0       0       0       0
Total ram usage:        1 bytes
 Hardware stack levels used:    1
 This function calls:
		Nothing
 This function is called by:
		_lcd_cmd
		_lcd_dat
 This function uses a non-reentrant model


 *************** function _atraso_ms *****************
 Defined at:
		line 3 in file "delay.c"
 Parameters:    Size  Location     Type
  t               2    0[COMRAM] unsigned int 
 Auto vars:     Size  Location     Type
  i               2    2[COMRAM] volatile unsigned int 
  k               1    5[COMRAM] volatile unsigned char 
  j               1    4[COMRAM] volatile unsigned char 
 Return value:  Size  Location     Type
                  1    wreg      void 
 Registers used:
		wreg, status,2, status,0
 Tracked objects:
		On entry : 
		On exit  : 
		Unchanged: 
 Data sizes:     COMRAM   BANK0   BANK1   BANK2   BANK3   BANK4   BANK5
      Params:         2       0       0       0       0       0       0
      Locals:         4       0       0       0       0       0       0
      Temps:          0       0       0       0       0       0       0
      Totals:         6       0       0       0       0       0       0
Total ram usage:        6 bytes
 Hardware stack levels used:    1
 This function calls:
		Nothing
 This function is called by:
		_chevrolet
		_nike_logo
		_adidas_logo
		_main
		_lcd_cmd
		_lcd_dat
		_lcd_init
		_tc_tecla
 This function uses a non-reentrant model


 *************** function ___awmod *****************
 Defined at:
		line 7 in file "C:\Program Files\Microchip\xc8\v2.30\pic\sources\c99\common\awmod.c"
 Parameters:    Size  Location     Type
  dividend        2    8[COMRAM] int 
  divisor         2   10[COMRAM] int 
 Auto vars:     Size  Location     Type
  sign            1   13[COMRAM] unsigned char 
  counter         1   12[COMRAM] unsigned char 
 Return value:  Size  Location     Type
                  2    8[COMRAM] int 
 Registers used:
		wreg, status,2, status,0
 Tracked objects:
		On entry : 
		On exit  : 
		Unchanged: 
 Data sizes:     COMRAM   BANK0   BANK1   BANK2   BANK3   BANK4   BANK5
      Params:         4       0       0       0       0       0       0
      Locals:         2       0       0       0       0       0       0
      Temps:          0       0       0       0       0       0       0
      Totals:         6       0       0       0       0       0       0
Total ram usage:        6 bytes
 Hardware stack levels used:    1
 This function calls:
		Nothing
 This function is called by:
		_main
 This function uses a non-reentrant model


 *************** function ___awdiv *****************
 Defined at:
		line 7 in file "C:\Program Files\Microchip\xc8\v2.30\pic\sources\c99\common\awdiv.c"
 Parameters:    Size  Location     Type
  dividend        2    0[COMRAM] int 
  divisor         2    2[COMRAM] int 
 Auto vars:     Size  Location     Type
  quotient        2    6[COMRAM] int 
  sign            1    5[COMRAM] unsigned char 
  counter         1    4[COMRAM] unsigned char 
 Return value:  Size  Location     Type
                  2    0[COMRAM] int 
 Registers used:
		wreg, status,2, status,0
 Tracked objects:
		On entry : 
		On exit  : 
		Unchanged: 
 Data sizes:     COMRAM   BANK0   BANK1   BANK2   BANK3   BANK4   BANK5
      Params:         4       0       0       0       0       0       0
      Locals:         4       0       0       0       0       0       0
      Temps:          0       0       0       0       0       0       0
      Totals:         8       0       0       0       0       0       0
Total ram usage:        8 bytes
 Hardware stack levels used:    1
 This function calls:
		Nothing
 This function is called by:
		_main
 This function uses a non-reentrant model



MODULE INFORMATION

Module		Function		Class		Link	Load	Size
ssd.c
		_ssdInit       		CODE           	5FC0	0000	86
		_ssdDigit      		CODE           	606C	0000	88
		_ssdUpdate     		CODE           	6BF8	0000	336

ssd.c estimated size: 510

delay.c
		_atraso_s      		CODE           	640E	0000	120
		_atraso_ms     		CODE           	61DC	0000	100

delay.c estimated size: 220

rtc_r.c
		_getu          		CODE           	5E6C	0000	10
		_rtc_r         		CODE           	6846	0000	216
		_getd          		CODE           	5E76	0000	12

rtc_r.c estimated size: 238

C:\Program Files\Microchip\xc8\v2.30\pic\sources\c99\common\awmod.c
		___awmod       		CODE           	6600	0000	176

C:\Program Files\Microchip\xc8\v2.30\pic\sources\c99\common\awmod.c estimated size: 176

keypad.c
		_kpInit        		CODE           	5E58	0000	10
		_kpDebounce    		CODE           	6D48	0000	378
		_kpRead        		CODE           	5E62	0000	10

keypad.c estimated size: 398

C:\Program Files\Microchip\xc8\v2.30\pic\sources\c99\common\Umul16.c
		___wmul        		CODE           	5EE8	0000	38

C:\Program Files\Microchip\xc8\v2.30\pic\sources\c99\common\Umul16.c estimated size: 38

io.c
		_digitalWrite  		CODE           	7110	0000	590
		_pinMode       		CODE           	6EC2	0000	590

io.c estimated size: 1180

timer.c
		_timerWait     		CODE           	5EA2	0000	16
		_timerReset    		CODE           	5EC6	0000	34
		_timerInit     		CODE           	5E50	0000	8

timer.c estimated size: 58

i2c.c
		_i2c_rb        		CODE           	657E	0000	130
		_delay         		CODE           	617C	0000	96
		_i2c_start     		CODE           	5E82	0000	16
		_i2c_stop      		CODE           	5E92	0000	16
		_i2c_wb        		CODE           	6120	0000	92

i2c.c estimated size: 350

pwm.c
		_pwmInit       		CODE           	5EB2	0000	20
		_pwmSet1       		CODE           	6240	0000	108
		_pwmFrequency  		CODE           	5F0E	0000	38

pwm.c estimated size: 166

C:\Program Files\Microchip\xc8\v2.30\pic\sources\c99\common\lwdiv.c
		___lwdiv       		CODE           	62AC	0000	116

C:\Program Files\Microchip\xc8\v2.30\pic\sources\c99\common\lwdiv.c estimated size: 116

C:\Program Files\Microchip\xc8\v2.30\pic\sources\c99\common\awdiv.c
		___awdiv       		CODE           	66B0	0000	196

C:\Program Files\Microchip\xc8\v2.30\pic\sources\c99\common\awdiv.c estimated size: 196

C:\Program Files\Microchip\xc8\v2.30\pic\sources\c99\common\aldiv.c
		___aldiv       		CODE           	6AEC	0000	268

C:\Program Files\Microchip\xc8\v2.30\pic\sources\c99\common\aldiv.c estimated size: 268

shared
		_valor@ssd$F413		MEDIUMCONST    	7E95	0000	16
		__initialization		CODE           	6016	0000	76
		_linha         		MEDIUMCONST    	7EA5	0000	4

shared estimated size: 96

lcd.c
		_lcd_cmd       		CODE           	5F34	0000	42
		_lcd_dat       		CODE           	5F5E	0000	42
		_lcd_wr        		CODE           	5E48	0000	8
		_lcd_str       		CODE           	6396	0000	120
		_lcd_init      		CODE           	60C4	0000	92

lcd.c estimated size: 304

main.c
		_adidas_logo   		CODE           	691E	0000	228
		_main          		CODE           	735E	0000	2870
		_nike_logo     		CODE           	6A02	0000	234
		_unifeilogo    		CODE           	6486	0000	120
		_partida_andamento		CODE           	6320	0000	118
		_chevrolet     		CODE           	6774	0000	210

main.c estimated size: 3780

